FAILED: no actual or expected (0.123ms)

  Ã— [ok] no actual or expected
  â”” test.js:1:1

FAILED: actual only (single-line) (0.123ms)

  Ã— [ok] actual only (single-line)
  â”” test.js:1:1

  [41m[37m Ã— [39m[49m ACTUAL: "actual only, single-line"

FAILED: actual only (multi-line) (0.123ms)

  Ã— [ok] actual only (multi-line)
  â”” test.js:1:1

  [41m[37m Ã— [39m[49m ACTUAL:
      "actual only\n"
      + "multi-line"

FAILED: actual and expected (single-line, same types) (0.123ms)

  Ã— [ok] actual and expected (single-line, same types)
  â”” test.js:1:1

  ACTUAL:   "[41m[37mactual[39m[49m, single-line"
  EXPECTED: "[42m[37mexpected[39m[49m, single-line"

FAILED: actual and expected (single-line, different types) (0.123ms)

  Ã— [ok] actual and expected (single-line, different types)
  â”” test.js:1:1

  [41m[37m Ã— [39m[49m ACTUAL:   "actual"
  [42m[37m âˆš [39m[49m EXPECTED: 123

FAILED: actual and expected (multi-line, same types) (0.123ms)

  Ã— [ok] actual and expected (multi-line, same types)
  â”” test.js:1:1

      Object {
        "same": true,
  [41m[37m Ã— [39m[49m   "value": "actual\n"
  [42m[37m âˆš [39m[49m   "value": "expected\n"
        + "multi-line",
      }

FAILED: actual and expected (multi-line, different types) (0.123ms)

  Ã— [ok] actual and expected (multi-line, different types)
  â”” test.js:1:1

  [41m[37m Ã— [39m[49m ACTUAL:   "actual"
  [42m[37m âˆš [39m[49m EXPECTED: Foo { ... }

FAILED: actual and expected (multi-line, additions) (0.123ms)

  Ã— [ok] actual and expected (multi-line, additions)
  â”” test.js:1:1

      Array [
        1,
        2,
  [42m[37m âˆš [39m[49m   3,
      ]

FAILED: actual and expected (multi-line, removals) (0.123ms)

  Ã— [ok] actual and expected (multi-line, removals)
  â”” test.js:1:1

      Array [
        1,
        2,
  [41m[37m Ã— [39m[49m   3,
      ]

FAILED: no error (0.123ms)

  Ã— [ok] 
  â”” test.js:1:1

FAILED: has error (0.123ms)
  Error: oh no
      at createSampleResults (/path/to/test/report.ts:77:27)
      at import_reporter (/path/to/test/report.ts:128:13)
      at Object.<anonymous> (/path/to/test/report.ts:128:34)
      at Object.j (/path/to/node_modules/tsx/dist/cjs/index.cjs:1:1197)

  Ã— [ok] 
  â”” test.js:1:1

FAILED: unknown error (0.123ms)
  Unknown error:
  Object {
    "oops": "oh no",
  }
  Error: Unknown error type
      at createSampleResults (/path/to/test/report.ts:78:31)
      at import_reporter (/path/to/test/report.ts:128:13)
      at Object.<anonymous> (/path/to/test/report.ts:128:34)
      at Object.j (/path/to/node_modules/tsx/dist/cjs/index.cjs:1:1197)

  Ã— [ok] 
  â”” test.js:1:1

FAILED: no details (0.123ms)

  Ã— [ok] 
  â”” test.js:1:1

FAILED: one single-line detail (0.123ms)

  Ã— [ok] details, single-line
  â”” test.js:1:1

FAILED: multiple lines or details (0.123ms)

  Ã— [ok] 
  â”” test.js:1:1
  DETAILS:
  Array [
    "details\n"
    + "multi-line",
    "more details",
  ]

âˆš PASSED: 0
Ã— FAILED: 15
  TOTAL:  15
